ARM Linker, 5.03 [Build 76] [MDK-ARM Lite]

==============================================================================

Section Cross References

    retarget.o(.text) refers (Special) to use_no_semi_2.o(.text) for __use_no_semihosting
    retarget.o(.text) refers to noretval__2printf.o(.text) for __2printf
    retarget.o(.data) refers (Special) to use_no_semi_2.o(.text) for __use_no_semihosting
    cm0dsasm.o(STACK) refers (Special) to heapauxi.o(.text) for __use_two_region_memory
    cm0dsasm.o(HEAP) refers (Special) to heapauxi.o(.text) for __use_two_region_memory
    cm0dsasm.o(RESET) refers (Special) to heapauxi.o(.text) for __use_two_region_memory
    cm0dsasm.o(RESET) refers to cm0dsasm.o(.text) for Reset_Handler
    cm0dsasm.o(.text) refers (Special) to heapauxi.o(.text) for __use_two_region_memory
    cm0dsasm.o(.text) refers to main.o(.text) for UART_ISR
    cm0dsasm.o(.text) refers to __main.o(!!!main) for __main
    cm0dsasm.o(.text) refers to cm0dsasm.o(HEAP) for Heap_Mem
    cm0dsasm.o(.text) refers to cm0dsasm.o(STACK) for Stack_Mem
    main.o(.text) refers to _printf_percent.o(.ARM.Collect$$_printf_percent$$00000000) for _printf_percent
    main.o(.text) refers to _printf_d.o(.ARM.Collect$$_printf_percent$$00000009) for _printf_d
    main.o(.text) refers to _printf_dec.o(.text) for _printf_int_dec
    main.o(.text) refers to _printf_f.o(.ARM.Collect$$_printf_percent$$00000003) for _printf_f
    main.o(.text) refers to printf1.o(x$fpl$printf1) for _printf_fp_dec
    main.o(.text) refers to _printf_x.o(.ARM.Collect$$_printf_percent$$0000000C) for _printf_x
    main.o(.text) refers to _printf_hex_int.o(.text) for _printf_longlong_hex
    main.o(.text) refers to main.o(i.__ARM_common_switch8) for __ARM_common_switch8
    main.o(.text) refers to noretval__2printf.o(.text) for __2printf
    main.o(.text) refers to dflti.o(.text) for __aeabi_i2d
    main.o(.text) refers to dmul.o(.text) for __aeabi_dmul
    main.o(.text) refers to daddsub.o(.text) for __aeabi_dadd
    main.o(.text) refers to dfixi.o(.text) for __aeabi_d2iz
    main.o(.text) refers to fflti.o(.text) for __aeabi_i2f
    main.o(.text) refers to fdiv.o(.text) for __aeabi_fdiv
    main.o(.text) refers to ffixui.o(.text) for __aeabi_f2uiz
    main.o(.text) refers to faddsub.o(x$fpl$fadd) for __aeabi_fadd
    main.o(.text) refers to frlef.o(x$fpl$frleqf) for __aeabi_cfrcmple
    main.o(.text) refers to main.o(.bss) for RxBuf
    main.o(.text) refers to main.o(.data) for counter
    main.o(.text) refers to flef.o(x$fpl$fleqf) for __aeabi_cfcmple
    main.o(.text) refers to f2d.o(.text) for __aeabi_f2d
    main.o(.text) refers to aeabi_sdiv.o(.text) for __aeabi_idivmod
    use_no_semi_2.o(.text) refers (Special) to use_no_semi.o(.text) for __use_no_semihosting_swi
    __2printf.o(.text) refers to _printf_char_file.o(.text) for _printf_char_file
    __2printf.o(.text) refers to retarget.o(.data) for __stdout
    noretval__2printf.o(.text) refers to _printf_char_file.o(.text) for _printf_char_file
    noretval__2printf.o(.text) refers to retarget.o(.data) for __stdout
    __printf.o(.text) refers to _printf_percent.o(.ARM.Collect$$_printf_percent$$00000000) for _printf_percent
    _printf_dec.o(.text) refers to rtudiv10.o(.text) for __rt_udiv10
    _printf_dec.o(.text) refers to _printf_intcommon.o(.text) for _printf_int_common
    _printf_hex_ll.o(.text) refers to _printf_intcommon.o(.text) for _printf_int_common
    _printf_hex_ll.o(.text) refers to _printf_hex_ll.o(.constdata) for .constdata
    _printf_hex_int.o(.text) refers to _printf_intcommon.o(.text) for _printf_int_common
    _printf_hex_int.o(.text) refers to _printf_hex_int.o(.constdata) for .constdata
    _printf_hex_int_ll.o(.text) refers to _printf_intcommon.o(.text) for _printf_int_common
    _printf_hex_int_ll.o(.text) refers to _printf_hex_int_ll.o(.constdata) for .constdata
    _printf_hex_ptr.o(.text) refers to _printf_intcommon.o(.text) for _printf_int_common
    _printf_hex_ptr.o(.text) refers to _printf_hex_ptr.o(.constdata) for .constdata
    _printf_hex_int_ptr.o(.text) refers to _printf_intcommon.o(.text) for _printf_int_common
    _printf_hex_int_ptr.o(.text) refers to _printf_hex_int_ptr.o(.constdata) for .constdata
    _printf_hex_ll_ptr.o(.text) refers to _printf_intcommon.o(.text) for _printf_int_common
    _printf_hex_ll_ptr.o(.text) refers to _printf_hex_ll_ptr.o(.constdata) for .constdata
    _printf_hex_int_ll_ptr.o(.text) refers to _printf_intcommon.o(.text) for _printf_int_common
    _printf_hex_int_ll_ptr.o(.text) refers to _printf_hex_int_ll_ptr.o(.constdata) for .constdata
    __printf_flags.o(.text) refers to _printf_percent.o(.ARM.Collect$$_printf_percent$$00000000) for _printf_percent
    __printf_flags.o(.text) refers to __printf_flags.o(.constdata) for .constdata
    __printf_ss.o(.text) refers to _printf_percent.o(.ARM.Collect$$_printf_percent$$00000000) for _printf_percent
    __printf_flags_ss.o(.text) refers to _printf_percent.o(.ARM.Collect$$_printf_percent$$00000000) for _printf_percent
    __printf_flags_ss.o(.text) refers to __printf_flags_ss.o(.constdata) for .constdata
    __printf_wp.o(.text) refers to __printf_wp.o(i._is_digit) for _is_digit
    __printf_wp.o(.text) refers to _printf_percent.o(.ARM.Collect$$_printf_percent$$00000000) for _printf_percent
    __printf_flags_wp.o(.text) refers to __printf_wp.o(i._is_digit) for _is_digit
    __printf_flags_wp.o(.text) refers to _printf_percent.o(.ARM.Collect$$_printf_percent$$00000000) for _printf_percent
    __printf_flags_wp.o(.text) refers to __printf_flags_wp.o(.constdata) for .constdata
    __printf_ss_wp.o(.text) refers to __printf_wp.o(i._is_digit) for _is_digit
    __printf_ss_wp.o(.text) refers to _printf_percent.o(.ARM.Collect$$_printf_percent$$00000000) for _printf_percent
    __printf_flags_ss_wp.o(.text) refers to __printf_wp.o(i._is_digit) for _is_digit
    __printf_flags_ss_wp.o(.text) refers to _printf_percent.o(.ARM.Collect$$_printf_percent$$00000000) for _printf_percent
    __printf_flags_ss_wp.o(.text) refers to __printf_flags_ss_wp.o(.constdata) for .constdata
    _printf_x.o(.ARM.Collect$$_printf_percent$$0000000C) refers (Weak) to _printf_hex_int.o(.text) for _printf_int_hex
    _printf_d.o(.ARM.Collect$$_printf_percent$$00000009) refers (Weak) to _printf_dec.o(.text) for _printf_int_dec
    _printf_f.o(.ARM.Collect$$_printf_percent$$00000003) refers (Weak) to printf1.o(x$fpl$printf1) for _printf_fp_dec
    _printf_percent.o(.ARM.Collect$$_printf_percent$$00000000) refers (Special) to _printf_percent_end.o(.ARM.Collect$$_printf_percent$$00000017) for _printf_percent_end
    __main.o(!!!main) refers to rtentry.o(.ARM.Collect$$rtentry$$00000000) for __rt_entry
    daddsub.o(.text) refers (Special) to usenofp.o(x$fpl$usenofp) for __I$use$fp
    dfixi.o(.text) refers (Special) to usenofp.o(x$fpl$usenofp) for __I$use$fp
    dflti.o(.text) refers (Special) to usenofp.o(x$fpl$usenofp) for __I$use$fp
    dmul.o(.text) refers (Special) to usenofp.o(x$fpl$usenofp) for __I$use$fp
    f2d.o(.text) refers (Special) to usenofp.o(x$fpl$usenofp) for __I$use$fp
    faddsub.o(x$fpl$fadd) refers (Special) to usenofp.o(x$fpl$usenofp) for __I$use$fp
    faddsub.o(x$fpl$fadd) refers to faddsub.o(x$fpl$fsub) for _fsub1
    faddsub.o(x$fpl$frsb) refers (Special) to usenofp.o(x$fpl$usenofp) for __I$use$fp
    faddsub.o(x$fpl$frsb) refers to faddsub.o(x$fpl$fsub) for _fsub1
    faddsub.o(x$fpl$frsb) refers to faddsub.o(x$fpl$fadd) for _fadd1
    faddsub.o(x$fpl$fsub) refers (Special) to usenofp.o(x$fpl$usenofp) for __I$use$fp
    faddsub.o(x$fpl$fsub) refers to faddsub.o(x$fpl$fadd) for _fadd1
    fdiv.o(.text) refers (Special) to usenofp.o(x$fpl$usenofp) for __I$use$fp
    fdiv.o(.text) refers to fdiv.o(.constdata) for .constdata
    fdiv.o(.constdata) refers (Special) to usenofp.o(x$fpl$usenofp) for __I$use$fp
    ffixui.o(.text) refers (Special) to usenofp.o(x$fpl$usenofp) for __I$use$fp
    fflti.o(.text) refers (Special) to usenofp.o(x$fpl$usenofp) for __I$use$fp
    flef.o(x$fpl$fleqf) refers (Special) to usenofp.o(x$fpl$usenofp) for __I$use$fp
    flef.o(x$fpl$fleqf) refers to fcmpin.o(.text) for __fpl_fcmp_InfNaN
    frlef.o(x$fpl$frleqf) refers (Special) to usenofp.o(x$fpl$usenofp) for __I$use$fp
    frlef.o(x$fpl$frleqf) refers to fcmpin.o(.text) for __fpl_fcmp_InfNaN
    printf1.o(x$fpl$printf1) refers to _printf_fp_dec.o(.text) for _printf_fp_dec_real
    rtentry.o(.ARM.Collect$$rtentry$$00000000) refers (Special) to rtentry2.o(.ARM.Collect$$rtentry$$0000000A) for __rt_entry_li
    rtentry.o(.ARM.Collect$$rtentry$$00000000) refers (Special) to rtentry2.o(.ARM.Collect$$rtentry$$0000000D) for __rt_entry_main
    rtentry.o(.ARM.Collect$$rtentry$$00000000) refers (Special) to rtentry2.o(.ARM.Collect$$rtentry$$0000000C) for __rt_entry_postli_1
    rtentry.o(.ARM.Collect$$rtentry$$00000000) refers (Special) to rtentry2.o(.ARM.Collect$$rtentry$$00000009) for __rt_entry_postsh_1
    rtentry.o(.ARM.Collect$$rtentry$$00000000) refers (Special) to rtentry2.o(.ARM.Collect$$rtentry$$00000002) for __rt_entry_presh_1
    rtentry.o(.ARM.Collect$$rtentry$$00000000) refers (Special) to rtentry4.o(.ARM.Collect$$rtentry$$00000004) for __rt_entry_sh
    aeabi_idiv0_sigfpe.o(.text) refers to rt_div0.o(.text) for __rt_div0
    _printf_fp_dec.o(.text) refers (Special) to usenofp.o(x$fpl$usenofp) for __I$use$fp
    _printf_fp_dec.o(.text) refers (Special) to lc_numeric_c.o(locale$$code) for _get_lc_numeric
    _printf_fp_dec.o(.text) refers to bigflt0.o(.text) for _btod_etento
    _printf_fp_dec.o(.text) refers to btod.o(.text) for _btod_d2e
    _printf_fp_dec.o(.text) refers to lludiv10.o(.text) for _ll_udiv10
    _printf_fp_dec.o(.text) refers to fpclassify.o(i.__ARM_fpclassify) for __ARM_fpclassify
    _printf_fp_dec.o(.text) refers to _printf_fp_infnan.o(.text) for _printf_fp_infnan
    _printf_fp_dec.o(.text) refers to rtudiv10.o(.text) for __rt_udiv10
    _printf_fp_dec.o(.text) refers to rt_locale_intlibspace.o(.text) for __rt_locale
    _printf_char_file.o(.text) refers to _printf_char_common.o(.text) for _printf_char_common
    _printf_char_file.o(.text) refers to retarget.o(.text) for ferror
    fcmpin.o(.text) refers (Special) to usenofp.o(x$fpl$usenofp) for __I$use$fp
    fcmpin.o(.text) refers to cmpret.o(.text) for __fpl_cmpreturn
    fcmpin.o(.text) refers to fnan2.o(.text) for __fpl_fcheck_NaN2
    rtentry2.o(.ARM.Collect$$rtentry$$00000008) refers to boardinit2.o(.text) for _platform_post_stackheap_init
    rtentry2.o(.ARM.Collect$$rtentry$$0000000A) refers to libinit.o(.ARM.Collect$$libinit$$00000000) for __rt_lib_init
    rtentry2.o(.ARM.Collect$$rtentry$$0000000B) refers to boardinit3.o(.text) for _platform_post_lib_init
    rtentry2.o(.ARM.Collect$$rtentry$$0000000D) refers to main.o(.text) for main
    rtentry2.o(.ARM.Collect$$rtentry$$0000000D) refers to exit.o(.text) for exit
    rtentry2.o(.ARM.exidx) refers to rtentry2.o(.ARM.Collect$$rtentry$$00000001) for .ARM.Collect$$rtentry$$00000001
    rtentry2.o(.ARM.exidx) refers to rtentry2.o(.ARM.Collect$$rtentry$$00000008) for .ARM.Collect$$rtentry$$00000008
    rtentry2.o(.ARM.exidx) refers to rtentry2.o(.ARM.Collect$$rtentry$$0000000A) for .ARM.Collect$$rtentry$$0000000A
    rtentry2.o(.ARM.exidx) refers to rtentry2.o(.ARM.Collect$$rtentry$$0000000B) for .ARM.Collect$$rtentry$$0000000B
    rtentry2.o(.ARM.exidx) refers to rtentry2.o(.ARM.Collect$$rtentry$$0000000D) for .ARM.Collect$$rtentry$$0000000D
    rtentry4.o(.ARM.Collect$$rtentry$$00000004) refers to sys_stackheap_outer.o(.text) for __user_setup_stackheap
    rtentry4.o(.ARM.exidx) refers to rtentry4.o(.ARM.Collect$$rtentry$$00000004) for .ARM.Collect$$rtentry$$00000004
    rt_div0.o(.text) refers to defsig_fpe_outer.o(.text) for __rt_SIGFPE
    rt_locale.o(.text) refers to rt_locale.o(.bss) for __rt_locale_data
    rt_locale_intlibspace.o(.text) refers to libspace.o(.bss) for __libspace_start
    _printf_char_common.o(.text) refers to __printf.o(.text) for __printf
    bigflt0.o(.text) refers (Special) to usenofp.o(x$fpl$usenofp) for __I$use$fp
    bigflt0.o(.text) refers to aeabi_sdiv.o(.text) for __aeabi_idivmod
    bigflt0.o(.text) refers to btod.o(.text) for _btod_emul
    bigflt0.o(.text) refers to bigflt0.o(.constdata) for .constdata
    bigflt0.o(.constdata) refers (Special) to usenofp.o(x$fpl$usenofp) for __I$use$fp
    btod.o(.text) refers to btod.o(i.__ARM_common_ll_muluu) for __ARM_common_ll_muluu
    lc_numeric_c.o(locale$$data) refers (Special) to libinit2.o(.ARM.Collect$$libinit$$00000014) for __rt_lib_init_lc_numeric_2
    lc_numeric_c.o(locale$$code) refers (Special) to libinit2.o(.ARM.Collect$$libinit$$00000014) for __rt_lib_init_lc_numeric_2
    lc_numeric_c.o(locale$$code) refers to strcmp.o(.text) for strcmp
    lc_numeric_c.o(locale$$code) refers to lc_numeric_c.o(locale$$data) for __lcnum_c_name
    cmpret.o(.text) refers (Special) to usenofp.o(x$fpl$usenofp) for __I$use$fp
    fnan2.o(.text) refers (Special) to usenofp.o(x$fpl$usenofp) for __I$use$fp
    fnan2.o(.text) refers to retnan.o(.text) for __fpl_return_NaN
    ieee_status.o(.text) refers (Special) to usenofp.o(x$fpl$usenofp) for __I$use$fp
    fpclassify.o(i.__ARM_fpclassify) refers (Special) to usenofp.o(x$fpl$usenofp) for __I$use$fp
    libspace.o(.text) refers to libspace.o(.bss) for __libspace_start
    sys_stackheap_outer.o(.text) refers to libspace.o(.text) for __user_perproc_libspace
    sys_stackheap_outer.o(.text) refers to cm0dsasm.o(.text) for __user_initial_stackheap
    sys_stackheap_outer.o(__vectab_stack_and_reset_area) refers to tempstk.o(.text) for __temporary_stack_top
    sys_stackheap_outer.o(__vectab_stack_and_reset_area) refers to __main.o(!!!main) for __main
    exit.o(.text) refers to rtexit.o(.ARM.Collect$$rtexit$$00000000) for __rt_exit
    defsig_fpe_outer.o(.text) refers to defsig_fpe_inner.o(.text) for __rt_SIGFPE_inner
    defsig_fpe_outer.o(.text) refers to defsig_exit.o(.text) for __sig_exit
    defsig_fpe_formal.o(.text) refers to rt_raise.o(.text) for __rt_raise
    libinit.o(.ARM.Collect$$libinit$$00000000) refers (Special) to libinit2.o(.ARM.Collect$$libinit$$0000002C) for __rt_lib_init_alloca_1
    libinit.o(.ARM.Collect$$libinit$$00000000) refers (Special) to libinit2.o(.ARM.Collect$$libinit$$0000002A) for __rt_lib_init_argv_1
    libinit.o(.ARM.Collect$$libinit$$00000000) refers (Special) to libinit2.o(.ARM.Collect$$libinit$$00000019) for __rt_lib_init_atexit_1
    libinit.o(.ARM.Collect$$libinit$$00000000) refers (Special) to libinit2.o(.ARM.Collect$$libinit$$0000001F) for __rt_lib_init_clock_1
    libinit.o(.ARM.Collect$$libinit$$00000000) refers (Special) to libinit2.o(.ARM.Collect$$libinit$$00000030) for __rt_lib_init_cpp_1
    libinit.o(.ARM.Collect$$libinit$$00000000) refers (Special) to libinit2.o(.ARM.Collect$$libinit$$0000002E) for __rt_lib_init_exceptions_1
    libinit.o(.ARM.Collect$$libinit$$00000000) refers (Special) to libinit2.o(.ARM.Collect$$libinit$$00000001) for __rt_lib_init_fp_1
    libinit.o(.ARM.Collect$$libinit$$00000000) refers (Special) to libinit2.o(.ARM.Collect$$libinit$$0000001D) for __rt_lib_init_fp_trap_1
    libinit.o(.ARM.Collect$$libinit$$00000000) refers (Special) to libinit2.o(.ARM.Collect$$libinit$$00000021) for __rt_lib_init_getenv_1
    libinit.o(.ARM.Collect$$libinit$$00000000) refers (Special) to libinit2.o(.ARM.Collect$$libinit$$00000008) for __rt_lib_init_heap_1
    libinit.o(.ARM.Collect$$libinit$$00000000) refers (Special) to libinit2.o(.ARM.Collect$$libinit$$0000000F) for __rt_lib_init_lc_collate_1
    libinit.o(.ARM.Collect$$libinit$$00000000) refers (Special) to libinit2.o(.ARM.Collect$$libinit$$00000011) for __rt_lib_init_lc_ctype_1
    libinit.o(.ARM.Collect$$libinit$$00000000) refers (Special) to libinit2.o(.ARM.Collect$$libinit$$00000013) for __rt_lib_init_lc_monetary_1
    libinit.o(.ARM.Collect$$libinit$$00000000) refers (Special) to libinit2.o(.ARM.Collect$$libinit$$00000015) for __rt_lib_init_lc_numeric_1
    libinit.o(.ARM.Collect$$libinit$$00000000) refers (Special) to libinit2.o(.ARM.Collect$$libinit$$00000017) for __rt_lib_init_lc_time_1
    libinit.o(.ARM.Collect$$libinit$$00000000) refers (Special) to libinit2.o(.ARM.Collect$$libinit$$0000000C) for __rt_lib_init_rand_1
    libinit.o(.ARM.Collect$$libinit$$00000000) refers (Special) to libinit2.o(.ARM.Collect$$libinit$$00000031) for __rt_lib_init_return
    libinit.o(.ARM.Collect$$libinit$$00000000) refers (Special) to libinit2.o(.ARM.Collect$$libinit$$0000001B) for __rt_lib_init_signal_1
    libinit.o(.ARM.Collect$$libinit$$00000000) refers (Special) to libinit2.o(.ARM.Collect$$libinit$$00000023) for __rt_lib_init_stdio_1
    libinit.o(.ARM.Collect$$libinit$$00000000) refers (Special) to libinit2.o(.ARM.Collect$$libinit$$0000000A) for __rt_lib_init_user_alloc_1
    libinit2.o(.ARM.Collect$$libinit$$0000000D) refers (Weak) to rt_locale_intlibspace.o(.text) for __rt_locale
    libinit2.o(.ARM.Collect$$libinit$$0000000E) refers to libinit2.o(.ARM.Collect$$libinit$$0000000D) for .ARM.Collect$$libinit$$0000000D
    libinit2.o(.ARM.Collect$$libinit$$00000010) refers to libinit2.o(.ARM.Collect$$libinit$$0000000D) for .ARM.Collect$$libinit$$0000000D
    libinit2.o(.ARM.Collect$$libinit$$00000012) refers to libinit2.o(.ARM.Collect$$libinit$$0000000D) for .ARM.Collect$$libinit$$0000000D
    libinit2.o(.ARM.Collect$$libinit$$00000014) refers to libinit2.o(.ARM.Collect$$libinit$$0000000D) for .ARM.Collect$$libinit$$0000000D
    libinit2.o(.ARM.Collect$$libinit$$00000014) refers (Weak) to lc_numeric_c.o(locale$$code) for _get_lc_numeric
    libinit2.o(.ARM.Collect$$libinit$$00000016) refers to libinit2.o(.ARM.Collect$$libinit$$0000000D) for .ARM.Collect$$libinit$$0000000D
    libinit2.o(.ARM.Collect$$libinit$$00000024) refers to argv_veneer.o(.text) for __ARM_argv_veneer
    libinit2.o(.ARM.Collect$$libinit$$00000025) refers to argv_veneer.o(.text) for __ARM_argv_veneer
    retnan.o(.text) refers (Special) to usenofp.o(x$fpl$usenofp) for __I$use$fp
    retnan.o(.text) refers to cmpret.o(.text) for __fpl_cmpreturn
    rtexit.o(.ARM.Collect$$rtexit$$00000000) refers (Special) to rtexit2.o(.ARM.Collect$$rtexit$$00000004) for __rt_exit_exit
    rtexit.o(.ARM.Collect$$rtexit$$00000000) refers (Special) to rtexit2.o(.ARM.Collect$$rtexit$$00000003) for __rt_exit_ls
    rtexit.o(.ARM.Collect$$rtexit$$00000000) refers (Special) to rtexit2.o(.ARM.Collect$$rtexit$$00000002) for __rt_exit_prels_1
    rtexit.o(.ARM.exidx) refers (Special) to rtexit2.o(.ARM.Collect$$rtexit$$00000004) for __rt_exit_exit
    rtexit.o(.ARM.exidx) refers (Special) to rtexit2.o(.ARM.Collect$$rtexit$$00000003) for __rt_exit_ls
    rtexit.o(.ARM.exidx) refers (Special) to rtexit2.o(.ARM.Collect$$rtexit$$00000002) for __rt_exit_prels_1
    rtexit.o(.ARM.exidx) refers to rtexit.o(.ARM.Collect$$rtexit$$00000000) for .ARM.Collect$$rtexit$$00000000
    rt_raise.o(.text) refers to __raise.o(.text) for __raise
    rt_raise.o(.text) refers to retarget.o(.text) for _sys_exit
    defsig_exit.o(.text) refers to retarget.o(.text) for _sys_exit
    defsig_fpe_inner.o(.text) refers to defsig_general.o(.text) for __default_signal_display
    rtexit2.o(.ARM.Collect$$rtexit$$00000003) refers to libshutdown.o(.ARM.Collect$$libshutdown$$00000000) for __rt_lib_shutdown
    rtexit2.o(.ARM.Collect$$rtexit$$00000004) refers to retarget.o(.text) for _sys_exit
    rtexit2.o(.ARM.exidx) refers to rtexit2.o(.ARM.Collect$$rtexit$$00000001) for .ARM.Collect$$rtexit$$00000001
    rtexit2.o(.ARM.exidx) refers to rtexit2.o(.ARM.Collect$$rtexit$$00000003) for .ARM.Collect$$rtexit$$00000003
    rtexit2.o(.ARM.exidx) refers to rtexit2.o(.ARM.Collect$$rtexit$$00000004) for .ARM.Collect$$rtexit$$00000004
    __raise.o(.text) refers to defsig.o(CL$$defsig) for __default_signal_handler
    defsig_general.o(.text) refers to sys_wrch.o(.text) for _ttywrch
    _get_argv_nomalloc.o(.text) refers (Special) to hrguard.o(.text) for __heap_region$guard
    _get_argv_nomalloc.o(.text) refers to defsig_rtmem_outer.o(.text) for __rt_SIGRTMEM
    _get_argv_nomalloc.o(.text) refers to sys_command.o(.text) for _sys_command_string
    sys_wrch.o(.text) refers (Special) to use_no_semi.o(.text) for __I$use$semihosting
    sys_wrch.o(.text) refers (Special) to indicate_semi.o(.text) for __semihosting_library_function
    sys_command.o(.text) refers (Special) to use_no_semi.o(.text) for __I$use$semihosting
    sys_command.o(.text) refers (Special) to indicate_semi.o(.text) for __semihosting_library_function
    defsig_rtmem_outer.o(.text) refers to defsig_rtmem_inner.o(.text) for __rt_SIGRTMEM_inner
    defsig_rtmem_outer.o(.text) refers to defsig_exit.o(.text) for __sig_exit
    defsig_rtmem_formal.o(.text) refers to rt_raise.o(.text) for __rt_raise
    defsig.o(CL$$defsig) refers to defsig_fpe_inner.o(.text) for __rt_SIGFPE_inner
    defsig.o(CL$$defsig) refers to defsig_rtmem_inner.o(.text) for __rt_SIGRTMEM_inner
    libshutdown.o(.ARM.Collect$$libshutdown$$00000000) refers (Special) to libshutdown2.o(.ARM.Collect$$libshutdown$$00000006) for __rt_lib_shutdown_fp_trap_1
    libshutdown.o(.ARM.Collect$$libshutdown$$00000000) refers (Special) to libshutdown2.o(.ARM.Collect$$libshutdown$$0000000E) for __rt_lib_shutdown_heap_1
    libshutdown.o(.ARM.Collect$$libshutdown$$00000000) refers (Special) to libshutdown2.o(.ARM.Collect$$libshutdown$$0000000F) for __rt_lib_shutdown_return
    libshutdown.o(.ARM.Collect$$libshutdown$$00000000) refers (Special) to libshutdown2.o(.ARM.Collect$$libshutdown$$00000009) for __rt_lib_shutdown_signal_1
    libshutdown.o(.ARM.Collect$$libshutdown$$00000000) refers (Special) to libshutdown2.o(.ARM.Collect$$libshutdown$$00000003) for __rt_lib_shutdown_stdio_1
    libshutdown.o(.ARM.Collect$$libshutdown$$00000000) refers (Special) to libshutdown2.o(.ARM.Collect$$libshutdown$$0000000B) for __rt_lib_shutdown_user_alloc_1
    defsig_abrt_inner.o(.text) refers to defsig_general.o(.text) for __default_signal_display
    defsig_rtred_inner.o(.text) refers to defsig_general.o(.text) for __default_signal_display
    defsig_rtmem_inner.o(.text) refers to defsig_general.o(.text) for __default_signal_display
    defsig_stak_inner.o(.text) refers to defsig_general.o(.text) for __default_signal_display
    defsig_pvfn_inner.o(.text) refers to defsig_general.o(.text) for __default_signal_display
    defsig_cppl_inner.o(.text) refers to defsig_general.o(.text) for __default_signal_display
    defsig_segv_inner.o(.text) refers to defsig_general.o(.text) for __default_signal_display
    defsig_other.o(.text) refers to defsig_general.o(.text) for __default_signal_display


==============================================================================

Image Symbol Table

    Local Symbols

    Symbol Name                              Value     Ov Type        Size  Object(Section)

    RESET                                    0x00000000   Section      128  cm0dsasm.o(RESET)
    ../clib/angel/boardlib.s                 0x00000000   Number         0  boardinit2.o ABSOLUTE
    ../clib/angel/boardlib.s                 0x00000000   Number         0  boardinit1.o ABSOLUTE
    ../clib/angel/boardlib.s                 0x00000000   Number         0  boardinit3.o ABSOLUTE
    ../clib/angel/boardlib.s                 0x00000000   Number         0  boardshut.o ABSOLUTE
    ../clib/angel/handlers.s                 0x00000000   Number         0  __scatter_zi.o ABSOLUTE
    ../clib/angel/handlers.s                 0x00000000   Number         0  __scatter_copy.o ABSOLUTE
    ../clib/angel/kernel.s                   0x00000000   Number         0  rtentry4.o ABSOLUTE
    ../clib/angel/kernel.s                   0x00000000   Number         0  rtentry.o ABSOLUTE
    ../clib/angel/kernel.s                   0x00000000   Number         0  rtentry2.o ABSOLUTE
    ../clib/angel/kernel.s                   0x00000000   Number         0  rtexit2.o ABSOLUTE
    ../clib/angel/kernel.s                   0x00000000   Number         0  rtexit.o ABSOLUTE
    ../clib/angel/rt.s                       0x00000000   Number         0  rt_locale.o ABSOLUTE
    ../clib/angel/rt.s                       0x00000000   Number         0  rt_locale_intlibspace.o ABSOLUTE
    ../clib/angel/rt.s                       0x00000000   Number         0  aeabi_idiv0_sigfpe.o ABSOLUTE
    ../clib/angel/rt.s                       0x00000000   Number         0  aeabi_idiv0.o ABSOLUTE
    ../clib/angel/rt.s                       0x00000000   Number         0  rt_div0.o ABSOLUTE
    ../clib/angel/rt.s                       0x00000000   Number         0  rt_raise.o ABSOLUTE
    ../clib/angel/scatterp.s                 0x00000000   Number         0  __scatter.o ABSOLUTE
    ../clib/angel/startup.s                  0x00000000   Number         0  __main.o ABSOLUTE
    ../clib/angel/sys.s                      0x00000000   Number         0  use_no_semi_2.o ABSOLUTE
    ../clib/angel/sys.s                      0x00000000   Number         0  use_no_semi.o ABSOLUTE
    ../clib/angel/sys.s                      0x00000000   Number         0  libspace.o ABSOLUTE
    ../clib/angel/sys.s                      0x00000000   Number         0  sys_stackheap_outer.o ABSOLUTE
    ../clib/angel/sys.s                      0x00000000   Number         0  tempstk.o ABSOLUTE
    ../clib/angel/sys.s                      0x00000000   Number         0  indicate_semi.o ABSOLUTE
    ../clib/angel/sysapp.c                   0x00000000   Number         0  sys_command.o ABSOLUTE
    ../clib/angel/sysapp.c                   0x00000000   Number         0  sys_wrch.o ABSOLUTE
    ../clib/armsys.c                         0x00000000   Number         0  no_argv.o ABSOLUTE
    ../clib/armsys.c                         0x00000000   Number         0  _get_argv_nomalloc.o ABSOLUTE
    ../clib/armsys.c                         0x00000000   Number         0  argv_veneer.o ABSOLUTE
    ../clib/bigflt.c                         0x00000000   Number         0  bigflt0.o ABSOLUTE
    ../clib/btod.c                           0x00000000   Number         0  btod.o ABSOLUTE
    ../clib/division.c                       0x00000000   Number         0  lludiv10.o ABSOLUTE
    ../clib/division.c                       0x00000000   Number         0  rtudiv10.o ABSOLUTE
    ../clib/division.s                       0x00000000   Number         0  aeabi_sdiv.o ABSOLUTE
    ../clib/division.s                       0x00000000   Number         0  aeabi_sdiv_div0.o ABSOLUTE
    ../clib/heapalloc.c                      0x00000000   Number         0  hrguard.o ABSOLUTE
    ../clib/heapaux.c                        0x00000000   Number         0  heapauxi.o ABSOLUTE
    ../clib/libinit.s                        0x00000000   Number         0  libshutdown.o ABSOLUTE
    ../clib/libinit.s                        0x00000000   Number         0  libinit.o ABSOLUTE
    ../clib/libinit.s                        0x00000000   Number         0  libshutdown2.o ABSOLUTE
    ../clib/libinit.s                        0x00000000   Number         0  libinit2.o ABSOLUTE
    ../clib/locale.s                         0x00000000   Number         0  lc_numeric_c.o ABSOLUTE
    ../clib/printf.c                         0x00000000   Number         0  __printf_flags.o ABSOLUTE
    ../clib/printf.c                         0x00000000   Number         0  __printf_ss.o ABSOLUTE
    ../clib/printf.c                         0x00000000   Number         0  __printf_flags_ss.o ABSOLUTE
    ../clib/printf.c                         0x00000000   Number         0  __printf_wp.o ABSOLUTE
    ../clib/printf.c                         0x00000000   Number         0  __printf_flags_wp.o ABSOLUTE
    ../clib/printf.c                         0x00000000   Number         0  __printf_ss_wp.o ABSOLUTE
    ../clib/printf.c                         0x00000000   Number         0  __printf_flags_ss_wp.o ABSOLUTE
    ../clib/printf.c                         0x00000000   Number         0  _printf_hex_int_ptr.o ABSOLUTE
    ../clib/printf.c                         0x00000000   Number         0  _printf_hex_ptr.o ABSOLUTE
    ../clib/printf.c                         0x00000000   Number         0  _printf_hex_int_ll.o ABSOLUTE
    ../clib/printf.c                         0x00000000   Number         0  _printf_dec.o ABSOLUTE
    ../clib/printf.c                         0x00000000   Number         0  _printf_hex_ll.o ABSOLUTE
    ../clib/printf.c                         0x00000000   Number         0  _printf_hex_int.o ABSOLUTE
    ../clib/printf.c                         0x00000000   Number         0  _printf_fp_dec.o ABSOLUTE
    ../clib/printf.c                         0x00000000   Number         0  _printf_char_file.o ABSOLUTE
    ../clib/printf.c                         0x00000000   Number         0  __printf_nopercent.o ABSOLUTE
    ../clib/printf.c                         0x00000000   Number         0  _printf_hex_ll_ptr.o ABSOLUTE
    ../clib/printf.c                         0x00000000   Number         0  noretval__2printf.o ABSOLUTE
    ../clib/printf.c                         0x00000000   Number         0  __2printf.o ABSOLUTE
    ../clib/printf.c                         0x00000000   Number         0  _printf_intcommon.o ABSOLUTE
    ../clib/printf.c                         0x00000000   Number         0  __printf.o ABSOLUTE
    ../clib/printf.c                         0x00000000   Number         0  _printf_char_common.o ABSOLUTE
    ../clib/printf.c                         0x00000000   Number         0  _printf_fp_infnan.o ABSOLUTE
    ../clib/printf.c                         0x00000000   Number         0  _printf_hex_int_ll_ptr.o ABSOLUTE
    ../clib/printf_percent.s                 0x00000000   Number         0  _printf_percent.o ABSOLUTE
    ../clib/printf_percent.s                 0x00000000   Number         0  _printf_d.o ABSOLUTE
    ../clib/printf_percent.s                 0x00000000   Number         0  _printf_x.o ABSOLUTE
    ../clib/printf_percent.s                 0x00000000   Number         0  _printf_f.o ABSOLUTE
    ../clib/printf_percent.s                 0x00000000   Number         0  _printf_percent_end.o ABSOLUTE
    ../clib/signal.c                         0x00000000   Number         0  defsig_exit.o ABSOLUTE
    ../clib/signal.c                         0x00000000   Number         0  defsig_general.o ABSOLUTE
    ../clib/signal.c                         0x00000000   Number         0  defsig_fpe_outer.o ABSOLUTE
    ../clib/signal.c                         0x00000000   Number         0  defsig_fpe_inner.o ABSOLUTE
    ../clib/signal.c                         0x00000000   Number         0  defsig_fpe_formal.o ABSOLUTE
    ../clib/signal.c                         0x00000000   Number         0  defsig_rtred_inner.o ABSOLUTE
    ../clib/signal.c                         0x00000000   Number         0  defsig_segv_inner.o ABSOLUTE
    ../clib/signal.c                         0x00000000   Number         0  defsig_rtmem_inner.o ABSOLUTE
    ../clib/signal.c                         0x00000000   Number         0  defsig_rtmem_formal.o ABSOLUTE
    ../clib/signal.c                         0x00000000   Number         0  defsig_stak_inner.o ABSOLUTE
    ../clib/signal.c                         0x00000000   Number         0  defsig_rtmem_outer.o ABSOLUTE
    ../clib/signal.c                         0x00000000   Number         0  defsig_pvfn_inner.o ABSOLUTE
    ../clib/signal.c                         0x00000000   Number         0  __raise.o ABSOLUTE
    ../clib/signal.c                         0x00000000   Number         0  defsig_cppl_inner.o ABSOLUTE
    ../clib/signal.c                         0x00000000   Number         0  defsig_abrt_inner.o ABSOLUTE
    ../clib/signal.c                         0x00000000   Number         0  defsig_other.o ABSOLUTE
    ../clib/signal.s                         0x00000000   Number         0  defsig.o ABSOLUTE
    ../clib/stdlib.c                         0x00000000   Number         0  exit.o ABSOLUTE
    ../clib/string.c                         0x00000000   Number         0  strcmp.o ABSOLUTE
    ../fplib/cfplib/cmpret.c                 0x00000000   Number         0  cmpret.o ABSOLUTE
    ../fplib/cfplib/daddsub.c                0x00000000   Number         0  daddsub.o ABSOLUTE
    ../fplib/cfplib/dmul.c                   0x00000000   Number         0  dmul.o ABSOLUTE
    ../fplib/cfplib/f2d.c                    0x00000000   Number         0  f2d.o ABSOLUTE
    ../fplib/cfplib/fcmpin.c                 0x00000000   Number         0  fcmpin.o ABSOLUTE
    ../fplib/cfplib/fdiv.c                   0x00000000   Number         0  fdiv.o ABSOLUTE
    ../fplib/cfplib/ffix.c                   0x00000000   Number         0  ffixui.o ABSOLUTE
    ../fplib/cfplib/ffix.c                   0x00000000   Number         0  dfixi.o ABSOLUTE
    ../fplib/cfplib/fflt.c                   0x00000000   Number         0  fflti.o ABSOLUTE
    ../fplib/cfplib/fflt.c                   0x00000000   Number         0  dflti.o ABSOLUTE
    ../fplib/cfplib/fpinit.c                 0x00000000   Number         0  fpinit.o ABSOLUTE
    ../fplib/cfplib/ieee_status.c            0x00000000   Number         0  ieee_status.o ABSOLUTE
    ../fplib/cfplib/nan2.c                   0x00000000   Number         0  fnan2.o ABSOLUTE
    ../fplib/cfplib/retnan.c                 0x00000000   Number         0  retnan.o ABSOLUTE
    ../fplib/faddsub6m.s                     0x00000000   Number         0  faddsub.o ABSOLUTE
    ../fplib/fleqf6m.s                       0x00000000   Number         0  flef.o ABSOLUTE
    ../fplib/frleqf6m.s                      0x00000000   Number         0  frlef.o ABSOLUTE
    ../fplib/printf1.s                       0x00000000   Number         0  printf1.o ABSOLUTE
    ../fplib/usenofp.s                       0x00000000   Number         0  usenofp.o ABSOLUTE
    ../mathlib/fpclassify.c                  0x00000000   Number         0  fpclassify.o ABSOLUTE
    cm0dsasm.s                               0x00000000   Number         0  cm0dsasm.o ABSOLUTE
    dc.s                                     0x00000000   Number         0  dc.o ABSOLUTE
    main.c                                   0x00000000   Number         0  main.o ABSOLUTE
    retarget.c                               0x00000000   Number         0  retarget.o ABSOLUTE
    !!!main                                  0x00000080   Section        8  __main.o(!!!main)
    !!!scatter                               0x00000088   Section       60  __scatter.o(!!!scatter)
    !!handler_copy                           0x000000c4   Section       26  __scatter_copy.o(!!handler_copy)
    !!handler_zi                             0x000000e0   Section       28  __scatter_zi.o(!!handler_zi)
    .ARM.Collect$$_printf_percent$$00000000  0x000000fc   Section        2  _printf_percent.o(.ARM.Collect$$_printf_percent$$00000000)
    .ARM.Collect$$_printf_percent$$00000003  0x000000fe   Section       10  _printf_f.o(.ARM.Collect$$_printf_percent$$00000003)
    .ARM.Collect$$_printf_percent$$00000009  0x00000108   Section       10  _printf_d.o(.ARM.Collect$$_printf_percent$$00000009)
    .ARM.Collect$$_printf_percent$$0000000C  0x00000112   Section       10  _printf_x.o(.ARM.Collect$$_printf_percent$$0000000C)
    .ARM.Collect$$_printf_percent$$00000017  0x0000011c   Section        4  _printf_percent_end.o(.ARM.Collect$$_printf_percent$$00000017)
    .ARM.Collect$$libinit$$00000000          0x00000120   Section        2  libinit.o(.ARM.Collect$$libinit$$00000000)
    .ARM.Collect$$libinit$$00000001          0x00000122   Section        4  libinit2.o(.ARM.Collect$$libinit$$00000001)
    .ARM.Collect$$libinit$$00000008          0x00000126   Section        0  libinit2.o(.ARM.Collect$$libinit$$00000008)
    .ARM.Collect$$libinit$$0000000A          0x00000126   Section        0  libinit2.o(.ARM.Collect$$libinit$$0000000A)
    .ARM.Collect$$libinit$$0000000C          0x00000126   Section        0  libinit2.o(.ARM.Collect$$libinit$$0000000C)
    .ARM.Collect$$libinit$$0000000D          0x00000126   Section        6  libinit2.o(.ARM.Collect$$libinit$$0000000D)
    .ARM.Collect$$libinit$$0000000F          0x0000012c   Section        0  libinit2.o(.ARM.Collect$$libinit$$0000000F)
    .ARM.Collect$$libinit$$00000011          0x0000012c   Section        0  libinit2.o(.ARM.Collect$$libinit$$00000011)
    .ARM.Collect$$libinit$$00000013          0x0000012c   Section        0  libinit2.o(.ARM.Collect$$libinit$$00000013)
    .ARM.Collect$$libinit$$00000014          0x0000012c   Section       10  libinit2.o(.ARM.Collect$$libinit$$00000014)
    .ARM.Collect$$libinit$$00000015          0x00000136   Section        0  libinit2.o(.ARM.Collect$$libinit$$00000015)
    .ARM.Collect$$libinit$$00000017          0x00000136   Section        0  libinit2.o(.ARM.Collect$$libinit$$00000017)
    .ARM.Collect$$libinit$$00000019          0x00000136   Section        0  libinit2.o(.ARM.Collect$$libinit$$00000019)
    .ARM.Collect$$libinit$$0000001B          0x00000136   Section        0  libinit2.o(.ARM.Collect$$libinit$$0000001B)
    .ARM.Collect$$libinit$$0000001D          0x00000136   Section        0  libinit2.o(.ARM.Collect$$libinit$$0000001D)
    .ARM.Collect$$libinit$$0000001F          0x00000136   Section        0  libinit2.o(.ARM.Collect$$libinit$$0000001F)
    .ARM.Collect$$libinit$$00000021          0x00000136   Section        0  libinit2.o(.ARM.Collect$$libinit$$00000021)
    .ARM.Collect$$libinit$$00000023          0x00000136   Section        0  libinit2.o(.ARM.Collect$$libinit$$00000023)
    .ARM.Collect$$libinit$$0000002A          0x00000136   Section        0  libinit2.o(.ARM.Collect$$libinit$$0000002A)
    .ARM.Collect$$libinit$$0000002C          0x00000136   Section        0  libinit2.o(.ARM.Collect$$libinit$$0000002C)
    .ARM.Collect$$libinit$$0000002E          0x00000136   Section        0  libinit2.o(.ARM.Collect$$libinit$$0000002E)
    .ARM.Collect$$libinit$$00000030          0x00000136   Section        0  libinit2.o(.ARM.Collect$$libinit$$00000030)
    .ARM.Collect$$libinit$$00000031          0x00000136   Section        2  libinit2.o(.ARM.Collect$$libinit$$00000031)
    .ARM.Collect$$libshutdown$$00000000      0x00000138   Section        2  libshutdown.o(.ARM.Collect$$libshutdown$$00000000)
    .ARM.Collect$$libshutdown$$00000003      0x0000013a   Section        0  libshutdown2.o(.ARM.Collect$$libshutdown$$00000003)
    .ARM.Collect$$libshutdown$$00000006      0x0000013a   Section        0  libshutdown2.o(.ARM.Collect$$libshutdown$$00000006)
    .ARM.Collect$$libshutdown$$00000009      0x0000013a   Section        0  libshutdown2.o(.ARM.Collect$$libshutdown$$00000009)
    .ARM.Collect$$libshutdown$$0000000B      0x0000013a   Section        0  libshutdown2.o(.ARM.Collect$$libshutdown$$0000000B)
    .ARM.Collect$$libshutdown$$0000000E      0x0000013a   Section        0  libshutdown2.o(.ARM.Collect$$libshutdown$$0000000E)
    .ARM.Collect$$libshutdown$$0000000F      0x0000013a   Section        2  libshutdown2.o(.ARM.Collect$$libshutdown$$0000000F)
    .ARM.Collect$$rtentry$$00000000          0x0000013c   Section        0  rtentry.o(.ARM.Collect$$rtentry$$00000000)
    .ARM.Collect$$rtentry$$00000002          0x0000013c   Section        0  rtentry2.o(.ARM.Collect$$rtentry$$00000002)
    .ARM.Collect$$rtentry$$00000004          0x0000013c   Section        6  rtentry4.o(.ARM.Collect$$rtentry$$00000004)
    .ARM.Collect$$rtentry$$00000009          0x00000142   Section        0  rtentry2.o(.ARM.Collect$$rtentry$$00000009)
    .ARM.Collect$$rtentry$$0000000A          0x00000142   Section        4  rtentry2.o(.ARM.Collect$$rtentry$$0000000A)
    .ARM.Collect$$rtentry$$0000000C          0x00000146   Section        0  rtentry2.o(.ARM.Collect$$rtentry$$0000000C)
    .ARM.Collect$$rtentry$$0000000D          0x00000146   Section        8  rtentry2.o(.ARM.Collect$$rtentry$$0000000D)
    .ARM.Collect$$rtexit$$00000000           0x0000014e   Section        2  rtexit.o(.ARM.Collect$$rtexit$$00000000)
    .ARM.Collect$$rtexit$$00000002           0x00000150   Section        0  rtexit2.o(.ARM.Collect$$rtexit$$00000002)
    .ARM.Collect$$rtexit$$00000003           0x00000150   Section        4  rtexit2.o(.ARM.Collect$$rtexit$$00000003)
    .ARM.Collect$$rtexit$$00000004           0x00000154   Section        6  rtexit2.o(.ARM.Collect$$rtexit$$00000004)
    .text                                    0x0000015c   Section        0  retarget.o(.text)
    .text                                    0x000001a4   Section       44  cm0dsasm.o(.text)
    .text                                    0x000001d0   Section        0  main.o(.text)
    .text                                    0x0000086c   Section        2  use_no_semi_2.o(.text)
    .text                                    0x00000870   Section        0  noretval__2printf.o(.text)
    .text                                    0x0000088c   Section        0  __printf.o(.text)
    .text                                    0x000008f8   Section        0  _printf_dec.o(.text)
    .text                                    0x00000964   Section        0  _printf_hex_int.o(.text)
    .text                                    0x000009bc   Section      346  aeabi_sdiv.o(.text)
    .text                                    0x00000b16   Section        0  heapauxi.o(.text)
    .text                                    0x00000b1c   Section        0  daddsub.o(.text)
    _dadd1                                   0x00000b1d   Thumb Code   286  daddsub.o(.text)
    _dsub1                                   0x00000c3b   Thumb Code   468  daddsub.o(.text)
    .text                                    0x00000e68   Section        0  dfixi.o(.text)
    .text                                    0x00000ed4   Section        0  dflti.o(.text)
    .text                                    0x00000f2c   Section        0  dmul.o(.text)
    .text                                    0x00001184   Section        0  f2d.o(.text)
    .text                                    0x000011dc   Section        0  fdiv.o(.text)
    .text                                    0x0000133c   Section        0  ffixui.o(.text)
    .text                                    0x0000136c   Section        0  fflti.o(.text)
    .text                                    0x000013ca   Section        2  use_no_semi.o(.text)
    .text                                    0x000013cc   Section        0  _printf_intcommon.o(.text)
    .text                                    0x0000147c   Section        0  _printf_fp_dec.o(.text)
    _fp_digits                               0x0000147f   Thumb Code   412  _printf_fp_dec.o(.text)
    .text                                    0x00001890   Section        0  _printf_char_file.o(.text)
    .text                                    0x000018b8   Section        0  rtudiv10.o(.text)
    .text                                    0x000018e0   Section        0  fcmpin.o(.text)
    .text                                    0x00001944   Section        8  rt_locale_intlibspace.o(.text)
    .text                                    0x0000194c   Section        0  lludiv10.o(.text)
    .text                                    0x000019c8   Section        0  _printf_char_common.o(.text)
    _printf_input_char                       0x000019c9   Thumb Code    10  _printf_char_common.o(.text)
    .text                                    0x000019f8   Section        0  _printf_fp_infnan.o(.text)
    .text                                    0x00001a80   Section        0  bigflt0.o(.text)
    .text                                    0x00001b4c   Section        0  btod.o(.text)
    btod_internal_mul                        0x00001b8d   Thumb Code   456  btod.o(.text)
    btod_internal_div                        0x00001d55   Thumb Code   494  btod.o(.text)
    .text                                    0x00001ff4   Section        0  cmpret.o(.text)
    .text                                    0x00002024   Section        0  fnan2.o(.text)
    .text                                    0x00002034   Section        8  libspace.o(.text)
    .text                                    0x0000203c   Section       62  sys_stackheap_outer.o(.text)
    .text                                    0x0000207a   Section        0  exit.o(.text)
    .text                                    0x00002088   Section        0  strcmp.o(.text)
    .text                                    0x00002110   Section        0  retnan.o(.text)
    i.__ARM_common_ll_muluu                  0x0000216e   Section        0  btod.o(i.__ARM_common_ll_muluu)
    i.__ARM_common_switch8                   0x0000219e   Section        0  main.o(i.__ARM_common_switch8)
    i.__ARM_fpclassify                       0x000021bc   Section        0  fpclassify.o(i.__ARM_fpclassify)
    locale$$code                             0x000021e8   Section       44  lc_numeric_c.o(locale$$code)
    x$fpl$fadd                               0x00002214   Section      140  faddsub.o(x$fpl$fadd)
    _fadd1                                   0x00002221   Thumb Code     0  faddsub.o(x$fpl$fadd)
    x$fpl$fleqf                              0x000022a0   Section       84  flef.o(x$fpl$fleqf)
    x$fpl$frleqf                             0x000022f4   Section       88  frlef.o(x$fpl$frleqf)
    x$fpl$fsub                               0x0000234c   Section      208  faddsub.o(x$fpl$fsub)
    _fsub1                                   0x00002359   Thumb Code     0  faddsub.o(x$fpl$fsub)
    x$fpl$printf1                            0x0000241c   Section       16  printf1.o(x$fpl$printf1)
    .constdata                               0x0000242c   Section       40  _printf_hex_int.o(.constdata)
    x$fpl$usenofp                            0x0000242c   Section        0  usenofp.o(x$fpl$usenofp)
    uc_hextab                                0x0000242c   Data          20  _printf_hex_int.o(.constdata)
    lc_hextab                                0x00002440   Data          20  _printf_hex_int.o(.constdata)
    .constdata                               0x00002454   Section       64  fdiv.o(.constdata)
    fdiv_tab                                 0x00002454   Data          64  fdiv.o(.constdata)
    .constdata                               0x00002494   Section      148  bigflt0.o(.constdata)
    tenpwrs_x                                0x00002494   Data          60  bigflt0.o(.constdata)
    tenpwrs_i                                0x000024d0   Data          64  bigflt0.o(.constdata)
    locale$$data                             0x00002548   Section       28  lc_numeric_c.o(locale$$data)
    __lcnum_c_name                           0x0000254c   Data           2  lc_numeric_c.o(locale$$data)
    __lcnum_c_start                          0x00002554   Data           0  lc_numeric_c.o(locale$$data)
    __lcnum_c_point                          0x00002560   Data           0  lc_numeric_c.o(locale$$data)
    __lcnum_c_thousands                      0x00002562   Data           0  lc_numeric_c.o(locale$$data)
    __lcnum_c_grouping                       0x00002563   Data           0  lc_numeric_c.o(locale$$data)
    __lcnum_c_end                            0x00002564   Data           0  lc_numeric_c.o(locale$$data)
    .data                                    0x20000000   Section        8  retarget.o(.data)
    .data                                    0x20000008   Section        2  main.o(.data)
    .bss                                     0x2000000c   Section      100  main.o(.bss)
    .bss                                     0x20000070   Section       96  libspace.o(.bss)
    HEAP                                     0x200000d0   Section     1024  cm0dsasm.o(HEAP)
    Heap_Mem                                 0x200000d0   Data        1024  cm0dsasm.o(HEAP)
    STACK                                    0x200004d0   Section     1024  cm0dsasm.o(STACK)
    Stack_Mem                                0x200004d0   Data        1024  cm0dsasm.o(STACK)

    Global Symbols

    Symbol Name                              Value     Ov Type        Size  Object(Section)

    BuildAttributes$$THM_ISAv3M$S$PE$A:L22$X:L11$S22$IEEE1$IW$USESV6$~STKCKD$USESV7$~SHL$OTIME$ROPI$IEEEJ$EBA8$UX$STANDARDLIB$REQ8$PRES8$EABIv2 0x00000000   Number         0  anon$$obj.o ABSOLUTE
    __ARM_use_no_argv                        0x00000000   Number         0  main.o ABSOLUTE
    __Vectors                                0x00000000   Data           4  cm0dsasm.o(RESET)
    __ARM_exceptions_init                     - Undefined Weak Reference
    __alloca_initialize                       - Undefined Weak Reference
    __cpp_initialize__aeabi_                  - Undefined Weak Reference
    __cxa_finalize                            - Undefined Weak Reference
    __sigvec_lookup                           - Undefined Weak Reference
    _atexit_init                              - Undefined Weak Reference
    _call_atexit_fns                          - Undefined Weak Reference
    _clock_init                               - Undefined Weak Reference
    _fp_trap_init                             - Undefined Weak Reference
    _fp_trap_shutdown                         - Undefined Weak Reference
    _get_lc_collate                           - Undefined Weak Reference
    _get_lc_ctype                             - Undefined Weak Reference
    _get_lc_monetary                          - Undefined Weak Reference
    _get_lc_time                              - Undefined Weak Reference
    _getenv_init                              - Undefined Weak Reference
    _handle_redirection                       - Undefined Weak Reference
    _init_alloc                               - Undefined Weak Reference
    _init_user_alloc                          - Undefined Weak Reference
    _initio                                   - Undefined Weak Reference
    _printf_post_padding                      - Undefined Weak Reference
    _printf_pre_padding                       - Undefined Weak Reference
    _printf_truncate_signed                   - Undefined Weak Reference
    _printf_truncate_unsigned                 - Undefined Weak Reference
    _rand_init                                - Undefined Weak Reference
    _signal_finish                            - Undefined Weak Reference
    _signal_init                              - Undefined Weak Reference
    _terminate_alloc                          - Undefined Weak Reference
    _terminate_user_alloc                     - Undefined Weak Reference
    _terminateio                              - Undefined Weak Reference
    __main                                   0x00000081   Thumb Code     8  __main.o(!!!main)
    __scatterload                            0x00000089   Thumb Code     0  __scatter.o(!!!scatter)
    __scatterload_rt2                        0x00000089   Thumb Code    52  __scatter.o(!!!scatter)
    __scatterload_rt2_thumb_only             0x00000089   Thumb Code     0  __scatter.o(!!!scatter)
    __scatterload_null                       0x00000099   Thumb Code     0  __scatter.o(!!!scatter)
    __scatterload_copy                       0x000000c5   Thumb Code    26  __scatter_copy.o(!!handler_copy)
    __scatterload_zeroinit                   0x000000e1   Thumb Code    28  __scatter_zi.o(!!handler_zi)
    _printf_percent                          0x000000fd   Thumb Code     0  _printf_percent.o(.ARM.Collect$$_printf_percent$$00000000)
    _printf_f                                0x000000ff   Thumb Code     0  _printf_f.o(.ARM.Collect$$_printf_percent$$00000003)
    _printf_d                                0x00000109   Thumb Code     0  _printf_d.o(.ARM.Collect$$_printf_percent$$00000009)
    _printf_x                                0x00000113   Thumb Code     0  _printf_x.o(.ARM.Collect$$_printf_percent$$0000000C)
    _printf_percent_end                      0x0000011d   Thumb Code     0  _printf_percent_end.o(.ARM.Collect$$_printf_percent$$00000017)
    __rt_lib_init                            0x00000121   Thumb Code     0  libinit.o(.ARM.Collect$$libinit$$00000000)
    __rt_lib_init_fp_1                       0x00000123   Thumb Code     0  libinit2.o(.ARM.Collect$$libinit$$00000001)
    __rt_lib_init_heap_1                     0x00000127   Thumb Code     0  libinit2.o(.ARM.Collect$$libinit$$00000008)
    __rt_lib_init_lc_common                  0x00000127   Thumb Code     0  libinit2.o(.ARM.Collect$$libinit$$0000000D)
    __rt_lib_init_rand_1                     0x00000127   Thumb Code     0  libinit2.o(.ARM.Collect$$libinit$$0000000C)
    __rt_lib_init_user_alloc_1               0x00000127   Thumb Code     0  libinit2.o(.ARM.Collect$$libinit$$0000000A)
    __rt_lib_init_lc_collate_1               0x0000012d   Thumb Code     0  libinit2.o(.ARM.Collect$$libinit$$0000000F)
    __rt_lib_init_lc_ctype_1                 0x0000012d   Thumb Code     0  libinit2.o(.ARM.Collect$$libinit$$00000011)
    __rt_lib_init_lc_monetary_1              0x0000012d   Thumb Code     0  libinit2.o(.ARM.Collect$$libinit$$00000013)
    __rt_lib_init_lc_numeric_2               0x0000012d   Thumb Code     0  libinit2.o(.ARM.Collect$$libinit$$00000014)
    __rt_lib_init_alloca_1                   0x00000137   Thumb Code     0  libinit2.o(.ARM.Collect$$libinit$$0000002C)
    __rt_lib_init_argv_1                     0x00000137   Thumb Code     0  libinit2.o(.ARM.Collect$$libinit$$0000002A)
    __rt_lib_init_atexit_1                   0x00000137   Thumb Code     0  libinit2.o(.ARM.Collect$$libinit$$00000019)
    __rt_lib_init_clock_1                    0x00000137   Thumb Code     0  libinit2.o(.ARM.Collect$$libinit$$0000001F)
    __rt_lib_init_cpp_1                      0x00000137   Thumb Code     0  libinit2.o(.ARM.Collect$$libinit$$00000030)
    __rt_lib_init_exceptions_1               0x00000137   Thumb Code     0  libinit2.o(.ARM.Collect$$libinit$$0000002E)
    __rt_lib_init_fp_trap_1                  0x00000137   Thumb Code     0  libinit2.o(.ARM.Collect$$libinit$$0000001D)
    __rt_lib_init_getenv_1                   0x00000137   Thumb Code     0  libinit2.o(.ARM.Collect$$libinit$$00000021)
    __rt_lib_init_lc_numeric_1               0x00000137   Thumb Code     0  libinit2.o(.ARM.Collect$$libinit$$00000015)
    __rt_lib_init_lc_time_1                  0x00000137   Thumb Code     0  libinit2.o(.ARM.Collect$$libinit$$00000017)
    __rt_lib_init_return                     0x00000137   Thumb Code     0  libinit2.o(.ARM.Collect$$libinit$$00000031)
    __rt_lib_init_signal_1                   0x00000137   Thumb Code     0  libinit2.o(.ARM.Collect$$libinit$$0000001B)
    __rt_lib_init_stdio_1                    0x00000137   Thumb Code     0  libinit2.o(.ARM.Collect$$libinit$$00000023)
    __rt_lib_shutdown                        0x00000139   Thumb Code     0  libshutdown.o(.ARM.Collect$$libshutdown$$00000000)
    __rt_lib_shutdown_fp_trap_1              0x0000013b   Thumb Code     0  libshutdown2.o(.ARM.Collect$$libshutdown$$00000006)
    __rt_lib_shutdown_heap_1                 0x0000013b   Thumb Code     0  libshutdown2.o(.ARM.Collect$$libshutdown$$0000000E)
    __rt_lib_shutdown_return                 0x0000013b   Thumb Code     0  libshutdown2.o(.ARM.Collect$$libshutdown$$0000000F)
    __rt_lib_shutdown_signal_1               0x0000013b   Thumb Code     0  libshutdown2.o(.ARM.Collect$$libshutdown$$00000009)
    __rt_lib_shutdown_stdio_1                0x0000013b   Thumb Code     0  libshutdown2.o(.ARM.Collect$$libshutdown$$00000003)
    __rt_lib_shutdown_user_alloc_1           0x0000013b   Thumb Code     0  libshutdown2.o(.ARM.Collect$$libshutdown$$0000000B)
    __rt_entry                               0x0000013d   Thumb Code     0  rtentry.o(.ARM.Collect$$rtentry$$00000000)
    __rt_entry_presh_1                       0x0000013d   Thumb Code     0  rtentry2.o(.ARM.Collect$$rtentry$$00000002)
    __rt_entry_sh                            0x0000013d   Thumb Code     0  rtentry4.o(.ARM.Collect$$rtentry$$00000004)
    __rt_entry_li                            0x00000143   Thumb Code     0  rtentry2.o(.ARM.Collect$$rtentry$$0000000A)
    __rt_entry_postsh_1                      0x00000143   Thumb Code     0  rtentry2.o(.ARM.Collect$$rtentry$$00000009)
    __rt_entry_main                          0x00000147   Thumb Code     0  rtentry2.o(.ARM.Collect$$rtentry$$0000000D)
    __rt_entry_postli_1                      0x00000147   Thumb Code     0  rtentry2.o(.ARM.Collect$$rtentry$$0000000C)
    __rt_exit                                0x0000014f   Thumb Code     0  rtexit.o(.ARM.Collect$$rtexit$$00000000)
    __rt_exit_ls                             0x00000151   Thumb Code     0  rtexit2.o(.ARM.Collect$$rtexit$$00000003)
    __rt_exit_prels_1                        0x00000151   Thumb Code     0  rtexit2.o(.ARM.Collect$$rtexit$$00000002)
    __rt_exit_exit                           0x00000155   Thumb Code     0  rtexit2.o(.ARM.Collect$$rtexit$$00000004)
    uart_out                                 0x0000015d   Thumb Code    22  retarget.o(.text)
    fputc                                    0x00000173   Thumb Code    14  retarget.o(.text)
    fgetc                                    0x00000181   Thumb Code     6  retarget.o(.text)
    ferror                                   0x00000187   Thumb Code     6  retarget.o(.text)
    _sys_exit                                0x0000018d   Thumb Code    10  retarget.o(.text)
    Reset_Handler                            0x000001a5   Thumb Code     4  cm0dsasm.o(.text)
    UART_Handler                             0x000001a9   Thumb Code     8  cm0dsasm.o(.text)
    __user_initial_stackheap                 0x000001b1   Thumb Code     0  cm0dsasm.o(.text)
    UART_ISR                                 0x000001d1   Thumb Code    70  main.o(.text)
    wait_n_loops                             0x00000217   Thumb Code    22  main.o(.text)
    writeSPI                                 0x0000022d   Thumb Code    20  main.o(.text)
    readSPI                                  0x00000241   Thumb Code     8  main.o(.text)
    writeAccelerometer                       0x00000249   Thumb Code    46  main.o(.text)
    readAccelerometer                        0x00000277   Thumb Code    48  main.o(.text)
    update_from_switches                     0x000002a7   Thumb Code   196  main.o(.text)
    configureAccelerometer                   0x0000036b   Thumb Code    82  main.o(.text)
    main                                     0x000003bd   Thumb Code  1024  main.o(.text)
    __use_no_semihosting                     0x0000086d   Thumb Code     2  use_no_semi_2.o(.text)
    __2printf                                0x00000871   Thumb Code    22  noretval__2printf.o(.text)
    __printf                                 0x0000088d   Thumb Code   108  __printf.o(.text)
    _printf_int_dec                          0x000008f9   Thumb Code    90  _printf_dec.o(.text)
    _printf_int_hex                          0x00000965   Thumb Code    84  _printf_hex_int.o(.text)
    _printf_longlong_hex                     0x00000965   Thumb Code     0  _printf_hex_int.o(.text)
    __aeabi_uidiv                            0x000009bd   Thumb Code     0  aeabi_sdiv.o(.text)
    __aeabi_uidivmod                         0x000009bd   Thumb Code    20  aeabi_sdiv.o(.text)
    __aeabi_idiv                             0x000009d1   Thumb Code     0  aeabi_sdiv.o(.text)
    __aeabi_idivmod                          0x000009d1   Thumb Code   326  aeabi_sdiv.o(.text)
    __use_two_region_memory                  0x00000b17   Thumb Code     2  heapauxi.o(.text)
    __rt_heap_escrow$2region                 0x00000b19   Thumb Code     2  heapauxi.o(.text)
    __rt_heap_expand$2region                 0x00000b1b   Thumb Code     2  heapauxi.o(.text)
    __aeabi_dadd                             0x00000e0f   Thumb Code     0  daddsub.o(.text)
    _dadd                                    0x00000e0f   Thumb Code    22  daddsub.o(.text)
    __aeabi_dsub                             0x00000e25   Thumb Code     0  daddsub.o(.text)
    _dsub                                    0x00000e25   Thumb Code    22  daddsub.o(.text)
    __aeabi_drsub                            0x00000e3b   Thumb Code     0  daddsub.o(.text)
    _drsb                                    0x00000e3b   Thumb Code    24  daddsub.o(.text)
    __aeabi_d2iz                             0x00000e69   Thumb Code     0  dfixi.o(.text)
    _dfix                                    0x00000e69   Thumb Code    96  dfixi.o(.text)
    __aeabi_i2d_normalise                    0x00000ed5   Thumb Code    66  dflti.o(.text)
    __aeabi_i2d                              0x00000f17   Thumb Code    16  dflti.o(.text)
    _dflt                                    0x00000f17   Thumb Code     0  dflti.o(.text)
    __aeabi_ui2d                             0x00000f27   Thumb Code     6  dflti.o(.text)
    _dfltu                                   0x00000f27   Thumb Code     0  dflti.o(.text)
    __aeabi_dmul                             0x00000f2d   Thumb Code     0  dmul.o(.text)
    _dmul                                    0x00000f2d   Thumb Code   578  dmul.o(.text)
    __aeabi_f2d                              0x00001185   Thumb Code     0  f2d.o(.text)
    _f2d                                     0x00001185   Thumb Code    82  f2d.o(.text)
    __aeabi_fdiv                             0x000011dd   Thumb Code     0  fdiv.o(.text)
    _fdiv                                    0x000011dd   Thumb Code   336  fdiv.o(.text)
    _frdiv                                   0x0000132d   Thumb Code     8  fdiv.o(.text)
    __aeabi_f2uiz                            0x0000133d   Thumb Code     0  ffixui.o(.text)
    _ffixu                                   0x0000133d   Thumb Code    48  ffixui.o(.text)
    __aeabi_i2f_normalise                    0x0000136d   Thumb Code    72  fflti.o(.text)
    __aeabi_i2f                              0x000013b5   Thumb Code    16  fflti.o(.text)
    _fflt                                    0x000013b5   Thumb Code     0  fflti.o(.text)
    __aeabi_ui2f                             0x000013c5   Thumb Code     6  fflti.o(.text)
    _ffltu                                   0x000013c5   Thumb Code     0  fflti.o(.text)
    __I$use$semihosting                      0x000013cb   Thumb Code     0  use_no_semi.o(.text)
    __use_no_semihosting_swi                 0x000013cb   Thumb Code     2  use_no_semi.o(.text)
    _printf_int_common                       0x000013cd   Thumb Code   176  _printf_intcommon.o(.text)
    __lib_sel_fp_printf                      0x0000147d   Thumb Code     2  _printf_fp_dec.o(.text)
    _printf_fp_dec_real                      0x0000161b   Thumb Code   618  _printf_fp_dec.o(.text)
    _printf_char_file                        0x00001891   Thumb Code    34  _printf_char_file.o(.text)
    __rt_udiv10                              0x000018b9   Thumb Code    40  rtudiv10.o(.text)
    __fpl_fcmp_InfNaN                        0x000018e1   Thumb Code    96  fcmpin.o(.text)
    __rt_locale                              0x00001945   Thumb Code     8  rt_locale_intlibspace.o(.text)
    _ll_udiv10                               0x0000194d   Thumb Code   122  lludiv10.o(.text)
    _printf_char_common                      0x000019d3   Thumb Code    32  _printf_char_common.o(.text)
    _printf_fp_infnan                        0x000019f9   Thumb Code   120  _printf_fp_infnan.o(.text)
    _btod_etento                             0x00001a81   Thumb Code   200  bigflt0.o(.text)
    _btod_d2e                                0x00001b4d   Thumb Code    64  btod.o(.text)
    _btod_emul                               0x00001f43   Thumb Code    24  btod.o(.text)
    _btod_emuld                              0x00001f5b   Thumb Code    60  btod.o(.text)
    _btod_ediv                               0x00001f97   Thumb Code    22  btod.o(.text)
    _btod_edivd                              0x00001fad   Thumb Code    60  btod.o(.text)
    __fpl_cmpreturn                          0x00001ff5   Thumb Code    42  cmpret.o(.text)
    __fpl_fcheck_NaN2                        0x00002025   Thumb Code    10  fnan2.o(.text)
    __user_libspace                          0x00002035   Thumb Code     8  libspace.o(.text)
    __user_perproc_libspace                  0x00002035   Thumb Code     0  libspace.o(.text)
    __user_perthread_libspace                0x00002035   Thumb Code     0  libspace.o(.text)
    __user_setup_stackheap                   0x0000203d   Thumb Code    62  sys_stackheap_outer.o(.text)
    exit                                     0x0000207b   Thumb Code    12  exit.o(.text)
    strcmp                                   0x00002089   Thumb Code   132  strcmp.o(.text)
    __fpl_return_NaN                         0x00002111   Thumb Code    94  retnan.o(.text)
    __ARM_common_ll_muluu                    0x0000216f   Thumb Code    48  btod.o(i.__ARM_common_ll_muluu)
    __ARM_common_switch8                     0x0000219f   Thumb Code    28  main.o(i.__ARM_common_switch8)
    __ARM_fpclassify                         0x000021bd   Thumb Code    38  fpclassify.o(i.__ARM_fpclassify)
    _get_lc_numeric                          0x000021e9   Thumb Code    44  lc_numeric_c.o(locale$$code)
    __aeabi_fadd                             0x00002215   Thumb Code     0  faddsub.o(x$fpl$fadd)
    _fadd                                    0x00002215   Thumb Code   134  faddsub.o(x$fpl$fadd)
    __aeabi_cfcmple                          0x000022a1   Thumb Code     0  flef.o(x$fpl$fleqf)
    _fcmple                                  0x000022a1   Thumb Code    78  flef.o(x$fpl$fleqf)
    __aeabi_cfrcmple                         0x000022f5   Thumb Code     0  frlef.o(x$fpl$frleqf)
    _frcmple                                 0x000022f5   Thumb Code    84  frlef.o(x$fpl$frleqf)
    __aeabi_fsub                             0x0000234d   Thumb Code     0  faddsub.o(x$fpl$fsub)
    _fsub                                    0x0000234d   Thumb Code   204  faddsub.o(x$fpl$fsub)
    _printf_fp_dec                           0x0000241d   Thumb Code    16  printf1.o(x$fpl$printf1)
    __I$use$fp                               0x0000242c   Number         0  usenofp.o(x$fpl$usenofp)
    Region$$Table$$Base                      0x00002528   Number         0  anon$$obj.o(Region$$Table)
    Region$$Table$$Limit                     0x00002548   Number         0  anon$$obj.o(Region$$Table)
    __stdout                                 0x20000000   Data           4  retarget.o(.data)
    __stdin                                  0x20000004   Data           4  retarget.o(.data)
    counter                                  0x20000008   Data           1  main.o(.data)
    BufReady                                 0x20000009   Data           1  main.o(.data)
    RxBuf                                    0x2000000c   Data         100  main.o(.bss)
    __libspace_start                         0x20000070   Data          96  libspace.o(.bss)
    __temporary_stack_top$libspace           0x200000d0   Data           0  libspace.o(.bss)



==============================================================================

Memory Map of the image

  Image Entry point : 0x000001a5

  Load Region LR_1 (Base: 0x00000000, Size: 0x00002570, Max: 0xffffffff, ABSOLUTE)

    Execution Region ER_RO (Base: 0x00000000, Size: 0x00002564, Max: 0xffffffff, ABSOLUTE)

    Base Addr    Size         Type   Attr      Idx    E Section Name        Object

    0x00000000   0x00000080   Data   RO           27    RESET               cm0dsasm.o
    0x00000080   0x00000008   Code   RO          118  * !!!main             c_p.l(__main.o)
    0x00000088   0x0000003c   Code   RO          358    !!!scatter          c_p.l(__scatter.o)
    0x000000c4   0x0000001a   Code   RO          360    !!handler_copy      c_p.l(__scatter_copy.o)
    0x000000de   0x00000002   PAD
    0x000000e0   0x0000001c   Code   RO          362    !!handler_zi        c_p.l(__scatter_zi.o)
    0x000000fc   0x00000002   Code   RO          111    .ARM.Collect$$_printf_percent$$00000000  c_p.l(_printf_percent.o)
    0x000000fe   0x0000000a   Code   RO          110    .ARM.Collect$$_printf_percent$$00000003  c_p.l(_printf_f.o)
    0x00000108   0x0000000a   Code   RO          109    .ARM.Collect$$_printf_percent$$00000009  c_p.l(_printf_d.o)
    0x00000112   0x0000000a   Code   RO          108    .ARM.Collect$$_printf_percent$$0000000C  c_p.l(_printf_x.o)
    0x0000011c   0x00000004   Code   RO          162    .ARM.Collect$$_printf_percent$$00000017  c_p.l(_printf_percent_end.o)
    0x00000120   0x00000002   Code   RO          235    .ARM.Collect$$libinit$$00000000  c_p.l(libinit.o)
    0x00000122   0x00000004   Code   RO          236    .ARM.Collect$$libinit$$00000001  c_p.l(libinit2.o)
    0x00000126   0x00000000   Code   RO          240    .ARM.Collect$$libinit$$00000008  c_p.l(libinit2.o)
    0x00000126   0x00000000   Code   RO          242    .ARM.Collect$$libinit$$0000000A  c_p.l(libinit2.o)
    0x00000126   0x00000000   Code   RO          244    .ARM.Collect$$libinit$$0000000C  c_p.l(libinit2.o)
    0x00000126   0x00000006   Code   RO          245    .ARM.Collect$$libinit$$0000000D  c_p.l(libinit2.o)
    0x0000012c   0x00000000   Code   RO          247    .ARM.Collect$$libinit$$0000000F  c_p.l(libinit2.o)
    0x0000012c   0x00000000   Code   RO          249    .ARM.Collect$$libinit$$00000011  c_p.l(libinit2.o)
    0x0000012c   0x00000000   Code   RO          251    .ARM.Collect$$libinit$$00000013  c_p.l(libinit2.o)
    0x0000012c   0x0000000a   Code   RO          252    .ARM.Collect$$libinit$$00000014  c_p.l(libinit2.o)
    0x00000136   0x00000000   Code   RO          253    .ARM.Collect$$libinit$$00000015  c_p.l(libinit2.o)
    0x00000136   0x00000000   Code   RO          255    .ARM.Collect$$libinit$$00000017  c_p.l(libinit2.o)
    0x00000136   0x00000000   Code   RO          257    .ARM.Collect$$libinit$$00000019  c_p.l(libinit2.o)
    0x00000136   0x00000000   Code   RO          259    .ARM.Collect$$libinit$$0000001B  c_p.l(libinit2.o)
    0x00000136   0x00000000   Code   RO          261    .ARM.Collect$$libinit$$0000001D  c_p.l(libinit2.o)
    0x00000136   0x00000000   Code   RO          263    .ARM.Collect$$libinit$$0000001F  c_p.l(libinit2.o)
    0x00000136   0x00000000   Code   RO          265    .ARM.Collect$$libinit$$00000021  c_p.l(libinit2.o)
    0x00000136   0x00000000   Code   RO          267    .ARM.Collect$$libinit$$00000023  c_p.l(libinit2.o)
    0x00000136   0x00000000   Code   RO          271    .ARM.Collect$$libinit$$0000002A  c_p.l(libinit2.o)
    0x00000136   0x00000000   Code   RO          273    .ARM.Collect$$libinit$$0000002C  c_p.l(libinit2.o)
    0x00000136   0x00000000   Code   RO          275    .ARM.Collect$$libinit$$0000002E  c_p.l(libinit2.o)
    0x00000136   0x00000000   Code   RO          277    .ARM.Collect$$libinit$$00000030  c_p.l(libinit2.o)
    0x00000136   0x00000002   Code   RO          278    .ARM.Collect$$libinit$$00000031  c_p.l(libinit2.o)
    0x00000138   0x00000002   Code   RO          323    .ARM.Collect$$libshutdown$$00000000  c_p.l(libshutdown.o)
    0x0000013a   0x00000000   Code   RO          343    .ARM.Collect$$libshutdown$$00000003  c_p.l(libshutdown2.o)
    0x0000013a   0x00000000   Code   RO          346    .ARM.Collect$$libshutdown$$00000006  c_p.l(libshutdown2.o)
    0x0000013a   0x00000000   Code   RO          349    .ARM.Collect$$libshutdown$$00000009  c_p.l(libshutdown2.o)
    0x0000013a   0x00000000   Code   RO          351    .ARM.Collect$$libshutdown$$0000000B  c_p.l(libshutdown2.o)
    0x0000013a   0x00000000   Code   RO          354    .ARM.Collect$$libshutdown$$0000000E  c_p.l(libshutdown2.o)
    0x0000013a   0x00000002   Code   RO          355    .ARM.Collect$$libshutdown$$0000000F  c_p.l(libshutdown2.o)
    0x0000013c   0x00000000   Code   RO          151    .ARM.Collect$$rtentry$$00000000  c_p.l(rtentry.o)
    0x0000013c   0x00000000   Code   RO          169    .ARM.Collect$$rtentry$$00000002  c_p.l(rtentry2.o)
    0x0000013c   0x00000006   Code   RO          181    .ARM.Collect$$rtentry$$00000004  c_p.l(rtentry4.o)
    0x00000142   0x00000000   Code   RO          171    .ARM.Collect$$rtentry$$00000009  c_p.l(rtentry2.o)
    0x00000142   0x00000004   Code   RO          172    .ARM.Collect$$rtentry$$0000000A  c_p.l(rtentry2.o)
    0x00000146   0x00000000   Code   RO          174    .ARM.Collect$$rtentry$$0000000C  c_p.l(rtentry2.o)
    0x00000146   0x00000008   Code   RO          175    .ARM.Collect$$rtentry$$0000000D  c_p.l(rtentry2.o)
    0x0000014e   0x00000002   Code   RO          282    .ARM.Collect$$rtexit$$00000000  c_p.l(rtexit.o)
    0x00000150   0x00000000   Code   RO          295    .ARM.Collect$$rtexit$$00000002  c_p.l(rtexit2.o)
    0x00000150   0x00000004   Code   RO          296    .ARM.Collect$$rtexit$$00000003  c_p.l(rtexit2.o)
    0x00000154   0x00000006   Code   RO          297    .ARM.Collect$$rtexit$$00000004  c_p.l(rtexit2.o)
    0x0000015a   0x00000002   PAD
    0x0000015c   0x00000048   Code   RO            1    .text               retarget.o
    0x000001a4   0x0000002c   Code   RO           28  * .text               cm0dsasm.o
    0x000001d0   0x0000069c   Code   RO           33    .text               main.o
    0x0000086c   0x00000002   Code   RO           57    .text               c_p.l(use_no_semi_2.o)
    0x0000086e   0x00000002   PAD
    0x00000870   0x0000001c   Code   RO           61    .text               c_p.l(noretval__2printf.o)
    0x0000088c   0x0000006c   Code   RO           63    .text               c_p.l(__printf.o)
    0x000008f8   0x0000006c   Code   RO           65    .text               c_p.l(_printf_dec.o)
    0x00000964   0x00000058   Code   RO           70    .text               c_p.l(_printf_hex_int.o)
    0x000009bc   0x0000015a   Code   RO          112    .text               c_p.l(aeabi_sdiv.o)
    0x00000b16   0x00000006   Code   RO          116    .text               c_p.l(heapauxi.o)
    0x00000b1c   0x0000034c   Code   RO          120    .text               fz_ps.l(daddsub.o)
    0x00000e68   0x0000006c   Code   RO          122    .text               fz_ps.l(dfixi.o)
    0x00000ed4   0x00000058   Code   RO          124    .text               fz_ps.l(dflti.o)
    0x00000f2c   0x00000258   Code   RO          126    .text               fz_ps.l(dmul.o)
    0x00001184   0x00000058   Code   RO          128    .text               fz_ps.l(f2d.o)
    0x000011dc   0x00000160   Code   RO          136    .text               fz_ps.l(fdiv.o)
    0x0000133c   0x00000030   Code   RO          139    .text               fz_ps.l(ffixui.o)
    0x0000136c   0x0000005e   Code   RO          141    .text               fz_ps.l(fflti.o)
    0x000013ca   0x00000002   Code   RO          149    .text               c_p.l(use_no_semi.o)
    0x000013cc   0x000000b0   Code   RO          156    .text               c_p.l(_printf_intcommon.o)
    0x0000147c   0x00000414   Code   RO          158    .text               c_p.l(_printf_fp_dec.o)
    0x00001890   0x00000028   Code   RO          160    .text               c_p.l(_printf_char_file.o)
    0x000018b8   0x00000028   Code   RO          163    .text               c_p.l(rtudiv10.o)
    0x000018e0   0x00000064   Code   RO          165    .text               fz_ps.l(fcmpin.o)
    0x00001944   0x00000008   Code   RO          188    .text               c_p.l(rt_locale_intlibspace.o)
    0x0000194c   0x0000007a   Code   RO          190    .text               c_p.l(lludiv10.o)
    0x000019c6   0x00000002   PAD
    0x000019c8   0x00000030   Code   RO          192    .text               c_p.l(_printf_char_common.o)
    0x000019f8   0x00000088   Code   RO          194    .text               c_p.l(_printf_fp_infnan.o)
    0x00001a80   0x000000cc   Code   RO          196    .text               c_p.l(bigflt0.o)
    0x00001b4c   0x000004a8   Code   RO          199    .text               c_p.l(btod.o)
    0x00001ff4   0x00000030   Code   RO          206    .text               fz_ps.l(cmpret.o)
    0x00002024   0x00000010   Code   RO          208    .text               fz_ps.l(fnan2.o)
    0x00002034   0x00000008   Code   RO          214    .text               c_p.l(libspace.o)
    0x0000203c   0x0000003e   Code   RO          217    .text               c_p.l(sys_stackheap_outer.o)
    0x0000207a   0x0000000c   Code   RO          222    .text               c_p.l(exit.o)
    0x00002086   0x00000002   PAD
    0x00002088   0x00000088   Code   RO          228    .text               c_p.l(strcmp.o)
    0x00002110   0x0000005e   Code   RO          279    .text               fz_ps.l(retnan.o)
    0x0000216e   0x00000030   Code   RO          201    i.__ARM_common_ll_muluu  c_p.l(btod.o)
    0x0000219e   0x0000001c   Code   RO           46    i.__ARM_common_switch8  main.o
    0x000021ba   0x00000002   PAD
    0x000021bc   0x0000002c   Code   RO          212    i.__ARM_fpclassify  m_ps.l(fpclassify.o)
    0x000021e8   0x0000002c   Code   RO          204    locale$$code        c_p.l(lc_numeric_c.o)
    0x00002214   0x0000008c   Code   RO          130    x$fpl$fadd          fz_ps.l(faddsub.o)
    0x000022a0   0x00000054   Code   RO          143    x$fpl$fleqf         fz_ps.l(flef.o)
    0x000022f4   0x00000058   Code   RO          145    x$fpl$frleqf        fz_ps.l(frlef.o)
    0x0000234c   0x000000d0   Code   RO          132    x$fpl$fsub          fz_ps.l(faddsub.o)
    0x0000241c   0x00000010   Code   RO          147    x$fpl$printf1       fz_ps.l(printf1.o)
    0x0000242c   0x00000000   Code   RO          167    x$fpl$usenofp       fz_ps.l(usenofp.o)
    0x0000242c   0x00000028   Data   RO           71    .constdata          c_p.l(_printf_hex_int.o)
    0x00002454   0x00000040   Data   RO          137    .constdata          fz_ps.l(fdiv.o)
    0x00002494   0x00000094   Data   RO          197    .constdata          c_p.l(bigflt0.o)
    0x00002528   0x00000020   Data   RO          356    Region$$Table       anon$$obj.o
    0x00002548   0x0000001c   Data   RO          203    locale$$data        c_p.l(lc_numeric_c.o)


    Execution Region ER_RW (Base: 0x20000000, Size: 0x0000000c, Max: 0xffffffff, ABSOLUTE)

    Base Addr    Size         Type   Attr      Idx    E Section Name        Object

    0x20000000   0x00000008   Data   RW            2    .data               retarget.o
    0x20000008   0x00000002   Data   RW           35    .data               main.o


    Execution Region ER_ZI (Base: 0x2000000c, Size: 0x000008c4, Max: 0xffffffff, ABSOLUTE)

    Base Addr    Size         Type   Attr      Idx    E Section Name        Object

    0x2000000c   0x00000064   Zero   RW           34    .bss                main.o
    0x20000070   0x00000060   Zero   RW          215    .bss                c_p.l(libspace.o)
    0x200000d0   0x00000400   Zero   RW           26    HEAP                cm0dsasm.o
    0x200004d0   0x00000400   Zero   RW           25    STACK               cm0dsasm.o


==============================================================================

Image component sizes


      Code (inc. data)   RO Data    RW Data    ZI Data      Debug   Object Name

        44         22        128          0       2048        376   cm0dsasm.o
      1720        252          0          2        100       3896   main.o
        72         14          0          8          0       6170   retarget.o

    ----------------------------------------------------------------------
      1838        288        160         12       2148      10442   Object Totals
         0          0         32          0          0          0   (incl. Generated)
         2          0          0          2          0          0   (incl. Padding)

    ----------------------------------------------------------------------

      Code (inc. data)   RO Data    RW Data    ZI Data      Debug   Library Member Name

         8          0          0          0          0         68   __main.o
       108          0          0          0          0         76   __printf.o
        60          8          0          0          0          0   __scatter.o
        26          0          0          0          0          0   __scatter_copy.o
        28          0          0          0          0          0   __scatter_zi.o
        48          6          0          0          0         88   _printf_char_common.o
        40          6          0          0          0         72   _printf_char_file.o
        10          0          0          0          0          0   _printf_d.o
       108         18          0          0          0         76   _printf_dec.o
        10          0          0          0          0          0   _printf_f.o
      1044         12          0          0          0        176   _printf_fp_dec.o
       136         16          0          0          0         76   _printf_fp_infnan.o
        88          4         40          0          0         72   _printf_hex_int.o
       176          0          0          0          0         84   _printf_intcommon.o
         2          0          0          0          0          0   _printf_percent.o
         4          0          0          0          0          0   _printf_percent_end.o
        10          0          0          0          0          0   _printf_x.o
       346          0          0          0          0         92   aeabi_sdiv.o
       204          4        148          0          0         80   bigflt0.o
      1240         12          0          0          0        316   btod.o
        12          0          0          0          0         64   exit.o
         6          0          0          0          0        136   heapauxi.o
        44         10         28          0          0         76   lc_numeric_c.o
         2          0          0          0          0          0   libinit.o
        22          0          0          0          0          0   libinit2.o
         2          0          0          0          0          0   libshutdown.o
         2          0          0          0          0          0   libshutdown2.o
         8          4          0          0         96         68   libspace.o
       122          0          0          0          0         72   lludiv10.o
        28          6          0          0          0         84   noretval__2printf.o
         8          4          0          0          0         68   rt_locale_intlibspace.o
         0          0          0          0          0          0   rtentry.o
        12          0          0          0          0          0   rtentry2.o
         6          0          0          0          0          0   rtentry4.o
         2          0          0          0          0          0   rtexit.o
        10          0          0          0          0          0   rtexit2.o
        40          0          0          0          0         60   rtudiv10.o
       136          4          0          0          0         72   strcmp.o
        62          0          0          0          0         80   sys_stackheap_outer.o
         2          0          0          0          0         68   use_no_semi.o
         2          0          0          0          0         68   use_no_semi_2.o
        48          6          0          0          0         60   cmpret.o
       844         22          0          0          0        228   daddsub.o
       108         12          0          0          0         72   dfixi.o
        88          0          0          0          0         92   dflti.o
       600         22          0          0          0         84   dmul.o
        88          6          0          0          0         60   f2d.o
       348          8          0          0          0        160   faddsub.o
       100          4          0          0          0         68   fcmpin.o
       352          8         64          0          0         88   fdiv.o
        48          0          0          0          0         60   ffixui.o
        94          0          0          0          0         92   fflti.o
        84          4          0          0          0         76   flef.o
        16          6          0          0          0         68   fnan2.o
        88          4          0          0          0         76   frlef.o
        16          4          0          0          0         76   printf1.o
        94          0          0          0          0         68   retnan.o
         0          0          0          0          0          0   usenofp.o
        44          6          0          0          0         60   fpclassify.o

    ----------------------------------------------------------------------
      7294        226        280          0         96       3680   Library Totals
        10          0          0          0          0          0   (incl. Padding)

    ----------------------------------------------------------------------

      Code (inc. data)   RO Data    RW Data    ZI Data      Debug   Library Name

      4224        114        216          0         96       2192   c_p.l
      3016        106         64          0          0       1428   fz_ps.l
        44          6          0          0          0         60   m_ps.l

    ----------------------------------------------------------------------
      7294        226        280          0         96       3680   Library Totals

    ----------------------------------------------------------------------

==============================================================================


      Code (inc. data)   RO Data    RW Data    ZI Data      Debug   

      9132        514        440         12       2244      11906   Grand Totals
      9132        514        440         12       2244      11906   ELF Image Totals
      9132        514        440         12          0          0   ROM Totals

==============================================================================

    Total RO  Size (Code + RO Data)                 9572 (   9.35kB)
    Total RW  Size (RW Data + ZI Data)              2256 (   2.20kB)
    Total ROM Size (Code + RO Data + RW Data)       9584 (   9.36kB)

==============================================================================

